// Jest Snapshot v1, https://goo.gl/fbAQLP

exports[`useManageHWAccounts hook stores the list of accounts in the hardware wallet 1`] = `
[MockFunction] {
  "calls": Array [
    Array [
      Object {
        "accounts": Array [
          Object {
            "hw": Object {
              "brand": "Ledger",
              "deviceId": "20231",
              "model": "Nano S",
            },
            "metadata": Object {
              "accountIndex": 0,
              "address": "lskdgtenb76rf93bzd56cqn6ova46wfvoesbk4hnd",
              "creationTime": "2023-02-10T13:45:03.959Z",
              "isHW": true,
              "path": "",
              "pubkey": "a07e06d3d21bfcbd6e6cb158a0adc18b6ccc92db66dc8a323c7462af9c539fab",
            },
          },
        ],
        "type": "STORE_ACCOUNTS",
      },
    ],
  ],
  "results": Array [
    Object {
      "type": "return",
      "value": undefined,
    },
  ],
}
`;
