// Jest Snapshot v1, https://goo.gl/fbAQLP

exports[`actions: transactions transactionCreated should dispatch transactionCreatedSuccess action if there are no errors 1`] = `
[MockFunction] {
  "calls": Array [
    Array [
      Object {
        "data": [TypeError: Cannot read property 'serviceUrl' of undefined],
        "type": "TRANSACTION_SIGN_ERROR",
      },
    ],
  ],
  "results": Array [
    Object {
      "type": "return",
      "value": undefined,
    },
  ],
}
`;
