// Jest Snapshot v1, https://goo.gl/fbAQLP

exports[`actions: transactions tokensTransferred should dispatch tokensTransferredSuccess action if there are no errors 1`] = `
[MockFunction] {
  "calls": Array [
    Array [
      Object {
        "data": Object {
          "asset": Object {
            "amount": 112300000n,
            "data": "test",
            "recipientAddress": Object {
              "data": Array [
                208,
                70,
                153,
                229,
                124,
                74,
                56,
                70,
                201,
                136,
                243,
                193,
                83,
                6,
                121,
                111,
                142,
                174,
                92,
                28,
              ],
              "type": "Buffer",
            },
          },
          "assetID": 0,
          "fee": 141000n,
          "id": Object {
            "data": Array [
              51,
              141,
              26,
              168,
              176,
              6,
              130,
              122,
              192,
              154,
              189,
              139,
              32,
              119,
              111,
              5,
              204,
              84,
              118,
              247,
              232,
              2,
              239,
              211,
              189,
              11,
              166,
              55,
              251,
              196,
              1,
              163,
            ],
            "type": "Buffer",
          },
          "moduleID": 2,
          "nonce": 2n,
          "senderPublicKey": Object {
            "data": Array [],
            "type": "Buffer",
          },
          "signatures": Array [
            Object {
              "data": Array [
                241,
                157,
                19,
                147,
                161,
                142,
                142,
                24,
                209,
                11,
                102,
                15,
                206,
                178,
                176,
                224,
                199,
                7,
                222,
                218,
                82,
                139,
                240,
                17,
                56,
                231,
                201,
                255,
                162,
                37,
                182,
                109,
                60,
                40,
                123,
                150,
                188,
                247,
                255,
                55,
                171,
                37,
                128,
                224,
                117,
                142,
                3,
                144,
                75,
                240,
                43,
                167,
                233,
                0,
                209,
                215,
                164,
                154,
                32,
                35,
                62,
                65,
                121,
                11,
              ],
              "type": "Buffer",
            },
          ],
        },
        "type": "TRANSACTION_CREATED_SUCCESS",
      },
    ],
  ],
  "results": Array [
    Object {
      "type": "return",
      "value": undefined,
    },
  ],
}
`;
